// Jest Snapshot v1, https://goo.gl/fbAQLP

exports[`externalizes package-externals of dependencies 1`] = `
{
  "files": {
    "android": {
      "bundle.js": {
        "externals": [
          "@expo/vector-icons",
          "expo-av",
          "react",
          "react-native",
          "react-native-safe-area-context",
          "react-native-svg",
          "react-native/Libraries/BatchedBridge/BatchedBridge",
          "react-native/Libraries/Image/resolveAssetSource",
          "react-native/Libraries/NativeComponent/NativeComponentRegistry",
          "react-native/Libraries/Utilities/codegenNativeCommands",
          "react-native/Libraries/Utilities/codegenNativeComponent",
          "react/jsx-runtime",
        ],
        "size": 306000,
      },
    },
    "ios": {
      "bundle.js": {
        "externals": [
          "@expo/vector-icons",
          "expo-av",
          "react",
          "react-native",
          "react-native-safe-area-context",
          "react-native-svg",
          "react-native/Libraries/Image/resolveAssetSource",
          "react-native/Libraries/NativeComponent/NativeComponentRegistry",
          "react-native/Libraries/Utilities/codegenNativeCommands",
          "react-native/Libraries/Utilities/codegenNativeComponent",
          "react/jsx-runtime",
        ],
        "size": 312000,
      },
    },
    "web": {
      "bundle.js": {
        "externals": [
          "@expo/vector-icons",
          "expo-av",
          "react",
          "react-dom",
          "react-native",
          "react-native-safe-area-context",
          "react-native-svg",
          "react/jsx-runtime",
        ],
        "size": 696000,
      },
    },
  },
  "name": "@draftbit/ui",
  "peerDependencies": {
    "react": "*",
    "react-native": "*",
  },
  "version": "40.34.4",
}
`;
