// Jest Snapshot v1, https://goo.gl/fbAQLP

exports[`devsession receives sendBeaconCloseRequest 1`] = `
Object {
  "data": Blob {
    "config": Array [
      "{\\"session\\":{\\"url\\":\\"exp://exp.host/@snack/sdk.42.0.0-10spnBnPxi\\"}}",
    ],
  },
  "url": "https://exp.host/--/api/v2/development-sessions/notify-close?deviceId=1234",
}
`;
