// Jest Snapshot v1, https://goo.gl/fbAQLP

exports[`pubsub accepts connections 1`] = `
Object {
  "{\\"platform\\":\\"ios\\",\\"id\\":\\"7682-1234\\",\\"name\\":\\"iPhone 8\\"}": Object {
    "id": "7682-1234",
    "name": "iPhone 8",
    "platform": "ios",
    "status": "ok",
    "transport": "pubsub",
  },
}
`;
